Function: main

Block 0 live variables at input:
['end', 'input']
Block 1 live variables at input:
['input', 'one']
Block ge live variables at input:
['input', 'one']
Block zero live variables at input:
['end', 'input']
Block end live variables at input:
[]

