{'main': {'mod', 'getDigits', 'power'}, 'getDigits': {'getDigits'}, 'mod': set(), 'power': set()}
