{'mod': set(), 'lsb': {'mod'}, 'square': set(), 'main': {'lsb', 'square', 'mod'}}
