{'main': {'printBinary'}, 'printBinary': {'printBinary', 'mod'}, 'mod': set()}
