{'main': {'bin_pow'}, 'is_even': set(), 'bin_pow': {'bin_pow', 'is_even'}}
