{'pow': {'mod', 'pow'}, 'mod': set(), 'LEFTSHIFT': {'pow'}, 'RIGHTSHIFT': {'pow'}, 'main': {'RIGHTSHIFT', 'LEFTSHIFT'}}
