{'mccarthy91': {'mccarthy91'}, 'main': {'mccarthy91'}}
