Block 0: [{'dest': 'one', 'op': 'const', 'type': 'int', 'value': 1}, {'args': ['input', 'one'], 'dest': 'cond0', 'op': 'ge', 'type': 'bool'}, {'args': ['cond0'], 'labels': ['ge', 'zero'], 'op': 'br'}]
Block 1: [{'args': ['one'], 'dest': 'b', 'op': 'const', 'type': 'int'}]
Block 2: [{'label': 'ge'}, {'args': ['input', 'one'], 'dest': 'input', 'op': 'sub', 'type': 'int'}]
Block 3: [{'label': 'zero'}, {'op': 'ret'}]
{'main': {0: [2, 3], 1: [2], 2: [3], 3: []}}
