Block 0: [{'dest': 'one', 'op': 'const', 'type': 'int', 'value': 1}, {'args': ['input', 'one'], 'dest': 'cond0', 'op': 'ge', 'type': 'bool'}]
Block 1: [{'label': 'loop'}, {'args': ['cond0'], 'labels': ['ge', 'zero'], 'op': 'br'}]
Block 2: [{'args': ['one'], 'dest': 'b', 'op': 'const', 'type': 'int'}]
Block 3: [{'label': 'ge'}, {'args': ['input', 'one'], 'dest': 'input', 'op': 'sub', 'type': 'int'}, {'labels': ['loop'], 'op': 'jmp'}]
Block 4: [{'label': 'zero'}, {'op': 'ret'}]
{'main': {0: [1], 1: [3, 4], 2: [3], 3: [1], 4: []}}
